id: hello_world
title: Hello world! Welcome to the CoMutiNy
biome: Comunidad
description: Espacio de bienvenida escalonado con plataformas y vegetación.
dimensions: 16x16
starting_point: 8x8
door out: 8x0 -> comunidad-inicial@14x25
door in: 8x15 -> comunidad-inicial
floor colour: #8eb5ff
ambient sound: welcome-hum

[tiles]
. = floor; name=Plataforma base; color=#8eb5ff; transparent=false; texture=plataforma
= = walkway; name=Pasarela elevada; color=#c2d9ff; transparent=true; detail=brillo
^ = canopy; name=Dossel de copas; color=#2f6b3f; transparent=true; shade=alto
# = barrier; name=Barandilla modular; color=#445165; collides=true; transparent=false; finish=metal

[layer ground]
order: 0
................
................
................
................
................
................
................
................
................
................
................
................
................
................
................
................

[layer walkway]
order: 1
visible: true
................
.....======.....
.....======.....
.....==..==.....
.....==..==.....
.....======.....
.....======.....
.....==..==.....
.....==..==.....
.....======.....
.....======.....
................
................
................
................
................

[layer guardrails]
order: 2
visible: true
................
...#......#.....
...#......#.....
...#......#.....
................
................
...#......#.....
...#......#.....
...#......#.....
................
................
................
................
................
................
................

[layer canopy]
order: 3
mode: overlay
elevation: 0.8
................
.....^^^^^......
....^^^^^^^.....
...^^^^^^^^^....
...^^^^^^^^^....
....^^^^^^^.....
.....^^^^^......
................
................
................
................
................
................
................
................
................

[objects]
welcome_terminal@8x8 | Panel de bienvenida
!community_door@8x14 | Acceso a la plaza
!elevated_platform@6x8 | Plataforma experimental oeste
!elevated_platform@9x8 | Plataforma experimental este
!observation_tower@5x5 | Torre modular de observación
plant_01@10x6 | Planta monstera
plant_01@6x10 | Planta monstera
